// Jest Snapshot v1, https://goo.gl/fbAQLP

exports[`example button properly renders matches snapshot 1`] = `
<button
  className="example-button"
>
  Test
</button>
`;
